// Vitest Snapshot v1, https://vitest.dev/guide/snapshot.html

exports[`Join Component > ジョインをデフォルトプロパティでレンダリング 1`] = `
<div>
  <div
    class="join"
  >
    <a
      class="btn btn-primary "
      href="/about"
    >
      ABOUT ME
    </a>
    <a
      class="btn btn-primary "
      href="/blog"
    >
      BLOG
    </a>
    <a
      class="btn btn-primary "
      href="/service"
    >
      SERVICE
    </a>
  </div>
</div>
`;
